; ModuleID = 'GetEndOfCallFrameFromInterpreterCodeBlock'
source_filename = "/home/u/project/annotated/deegen_common_snippets/get_end_of_call_frame_from_interpreter_codeblock.cpp"
target datalayout = "e-m:e-p270:32:32-p271:32:32-p272:64:64-i64:64-i128:128-f80:128-n8:16:32:64-S128"
target triple = "x86_64-unknown-linux-gnu"

; Function Attrs: mustprogress nofree norecurse nosync nounwind willreturn memory(argmem: read) uwtable
define dso_local noundef ptr @__DeegenImpl_CommonSnippetLib_GetEndOfCallFrameFromInterpreterCodeBlock(ptr noundef readnone %0, ptr nocapture noundef readonly %1) #0 {
  %3 = getelementptr inbounds i8, ptr %1, i64 32
  %4 = load i32, ptr %3, align 8, !tbaa !2
  %5 = zext i32 %4 to i64
  %6 = getelementptr inbounds i64, ptr %0, i64 %5
  ret ptr %6
}

attributes #0 = { mustprogress nofree norecurse nosync nounwind willreturn memory(argmem: read) uwtable "min-legal-vector-width"="0" "no-trapping-math"="true" "stack-protector-buffer-size"="8" "target-cpu"="x86-64" "target-features"="+bmi,+cmov,+crc32,+cx8,+fsgsbase,+fxsr,+mmx,+popcnt,+sse,+sse2,+sse3,+sse4.1,+sse4.2,+ssse3,+x87" "tune-cpu"="generic" }

!llvm.linker.options = !{}
!llvm.module.flags = !{!0, !1}

!0 = !{i32 1, !"wchar_size", i32 4}
!1 = !{i32 7, !"uwtable", i32 2}
!2 = !{!3, !12, i64 32}
!3 = !{!"_ZTS9CodeBlock", !4, i64 0, !15, i64 24, !12, i64 32, !12, i64 36, !16, i64 40, !12, i64 48, !12, i64 52, !13, i64 56, !13, i64 64, !13, i64 72, !17, i64 80, !7, i64 88}
!4 = !{!"_ZTS14ExecutableCode", !5, i64 0, !10, i64 2, !11, i64 3, !12, i64 4, !13, i64 8, !14, i64 16}
!5 = !{!"_ZTS24SystemHeapGcObjectHeader", !6, i64 0, !9, i64 1}
!6 = !{!"_ZTS14HeapEntityType", !7, i64 0}
!7 = !{!"omnipotent char", !8, i64 0}
!8 = !{!"Simple C++ TBAA"}
!9 = !{!"_ZTS11GcCellState", !7, i64 0}
!10 = !{!"_ZTSN14ExecutableCode4KindE", !7, i64 0}
!11 = !{!"bool", !7, i64 0}
!12 = !{!"int", !7, i64 0}
!13 = !{!"any pointer", !7, i64 0}
!14 = !{!"_ZTSN14ExecutableCode23InterpreterCallIcAnchorE", !12, i64 0, !12, i64 4}
!15 = !{!"_ZTS15UserHeapPointerI11TableObjectE", !16, i64 0}
!16 = !{!"long", !7, i64 0}
!17 = !{!"_ZTS20SpdsDoublyLinkedListI23JitCallInlineCacheEntryE", !18, i64 0}
!18 = !{!"_ZTS24SpdsDoublyLinkedListNodeI23JitCallInlineCacheEntryE", !19, i64 0, !19, i64 4}
!19 = !{!"_ZTS19SpdsOrSystemHeapPtrI24SpdsDoublyLinkedListNodeI23JitCallInlineCacheEntryEE", !12, i64 0}
