; ModuleID = 'extracted_ir'
source_filename = "/home/u/project/annotated/unit_test/make_call_api_parser.cpp"
target datalayout = "e-m:e-p270:32:32-p271:32:32-p272:64:64-i64:64-f80:128-n8:16:32:64-S128"
target triple = "x86_64-pc-linux-gnu"

%class.anon.14 = type { i8 }
%struct.TValue = type { i64 }

; Function Attrs: mustprogress nounwind uwtable
declare dso_local noundef zeroext i1 @_Z19DeegenImpl_TValueIsI9tFunctionEb6TValue(i64) #0

; Function Attrs: argmemonly mustprogress nocallback nofree nosync nounwind willreturn
declare void @llvm.lifetime.start.p0(i64 immarg, ptr nocapture) #1

declare noundef ptr addrspace(256) @_Z9GetCallee6TValueS_(i64, i64) local_unnamed_addr #2

; Function Attrs: mustprogress noreturn nounwind uwtable
define dso_local void @testfn2(ptr noundef %0, i64 noundef %1) #3 {
  %3 = alloca %class.anon.14, align 1
  %.sroa.011.0.copyload = load i64, ptr %0, align 8, !tbaa.struct !5
  %4 = call noundef zeroext i1 @_Z19DeegenImpl_TValueIsI9tFunctionEb6TValue(i64 %.sroa.011.0.copyload)
  br i1 %4, label %5, label %9

5:                                                ; preds = %2
  call void @llvm.lifetime.start.p0(i64 1, ptr nonnull %3) #7
  %6 = call fastcc noundef ptr @"_ZZ7testfn2ENK3$_2cvPFvP6TValuemS1_mEEv"(ptr noundef nonnull align 1 dereferenceable(1) %3) #7
  %7 = load i64, ptr %0, align 8, !tbaa !10
  %8 = getelementptr inbounds %struct.TValue, ptr %0, i64 4
  call void @__DeegenInternal_AstMakeCallIdentificationFunc_3(i1 true, i1 false, i1 false, i64 %7, ptr @"_ZZ7testfn2EN3$_28__invokeEP6TValuemS1_m", i64 0, ptr %8, i64 %1)
  unreachable

9:                                                ; preds = %2
  %.sroa.03.0.copyload = load i64, ptr %0, align 8, !tbaa.struct !5
  %10 = getelementptr inbounds %struct.TValue, ptr %0, i64 1
  %.sroa.02.0.copyload = load i64, ptr %10, align 8, !tbaa.struct !5
  %11 = call noundef ptr addrspace(256) @_Z9GetCallee6TValueS_(i64 %.sroa.03.0.copyload, i64 %.sroa.02.0.copyload) #7
  %12 = getelementptr inbounds %struct.TValue, ptr %0, i64 2
  %.sroa.01.0.copyload = load i64, ptr %12, align 8, !tbaa.struct !5
  %13 = getelementptr inbounds %struct.TValue, ptr %0, i64 3
  %.sroa.0.0.copyload = load i64, ptr %13, align 8, !tbaa.struct !5
  %14 = ptrtoint ptr addrspace(256) %11 to i64
  call void @__DeegenInternal_AstMakeCallIdentificationFunc_4(i1 false, i1 true, i1 true, i64 %14, ptr null, i64 0, i64 %.sroa.01.0.copyload, ptr %0, i64 %1, i64 %.sroa.0.0.copyload)
  unreachable
}

; Function Attrs: inlinehint mustprogress nounwind uwtable
declare dso_local fastcc noundef ptr @"_ZZ7testfn2ENK3$_2cvPFvP6TValuemS1_mEEv"(ptr noundef nonnull align 1 dereferenceable(1)) unnamed_addr #4 align 2

; Function Attrs: inlinehint nounwind uwtable
declare dso_local void @"_ZZ7testfn2EN3$_28__invokeEP6TValuemS1_m"(ptr noundef, i64 noundef, ptr noundef, i64 noundef) #5 align 2

; Function Attrs: noreturn nounwind
declare void @__DeegenInternal_AstMakeCallIdentificationFunc_3(i1, i1, i1, i64, ptr, i64, ptr, i64) #6

; Function Attrs: noreturn nounwind
declare void @__DeegenInternal_AstMakeCallIdentificationFunc_4(i1, i1, i1, i64, ptr, i64, i64, ptr, i64, i64) #6

attributes #0 = { mustprogress nounwind uwtable "frame-pointer"="none" "min-legal-vector-width"="0" "no-trapping-math"="true" "stack-protector-buffer-size"="8" "target-cpu"="x86-64" "target-features"="+cx8,+fsgsbase,+fxsr,+mmx,+sse,+sse2,+x87" "tune-cpu"="generic" }
attributes #1 = { argmemonly mustprogress nocallback nofree nosync nounwind willreturn }
attributes #2 = { "frame-pointer"="none" "no-trapping-math"="true" "stack-protector-buffer-size"="8" "target-cpu"="x86-64" "target-features"="+cx8,+fsgsbase,+fxsr,+mmx,+sse,+sse2,+x87" "tune-cpu"="generic" }
attributes #3 = { mustprogress noreturn nounwind uwtable "frame-pointer"="none" "min-legal-vector-width"="0" "no-trapping-math"="true" "stack-protector-buffer-size"="8" "target-cpu"="x86-64" "target-features"="+cx8,+fsgsbase,+fxsr,+mmx,+sse,+sse2,+x87" "tune-cpu"="generic" }
attributes #4 = { inlinehint mustprogress nounwind uwtable "frame-pointer"="none" "min-legal-vector-width"="0" "no-trapping-math"="true" "stack-protector-buffer-size"="8" "target-cpu"="x86-64" "target-features"="+cx8,+fsgsbase,+fxsr,+mmx,+sse,+sse2,+x87" "tune-cpu"="generic" }
attributes #5 = { inlinehint nounwind uwtable "frame-pointer"="none" "min-legal-vector-width"="0" "no-trapping-math"="true" "stack-protector-buffer-size"="8" "target-cpu"="x86-64" "target-features"="+cx8,+fsgsbase,+fxsr,+mmx,+sse,+sse2,+x87" "tune-cpu"="generic" }
attributes #6 = { noreturn nounwind }
attributes #7 = { nounwind }

!llvm.linker.options = !{}
!llvm.module.flags = !{!0, !1, !2, !3}
!llvm.ident = !{!4}

!0 = !{i32 1, !"wchar_size", i32 4}
!1 = !{i32 7, !"PIC Level", i32 2}
!2 = !{i32 7, !"PIE Level", i32 2}
!3 = !{i32 7, !"uwtable", i32 2}
!4 = !{!"Ubuntu clang version 15.0.0-++20220905103059+4ba6a9c9f65b-1~exp1~20220905103153.49"}
!5 = !{i64 0, i64 8, !6}
!6 = !{!7, !7, i64 0}
!7 = !{!"long", !8, i64 0}
!8 = !{!"omnipotent char", !9, i64 0}
!9 = !{!"Simple C++ TBAA"}
!10 = !{!11, !7, i64 0}
!11 = !{!"_ZTS6TValue", !7, i64 0}
