; ModuleID = 'extracted_ir'
source_filename = "/home/u/project/annotated/unit_test/throw_error_api_lowering.cpp"
target datalayout = "e-m:e-p270:32:32-p271:32:32-p272:64:64-i64:64-f80:128-n8:16:32:64-S128"
target triple = "x86_64-pc-linux-gnu"

@.str.3 = private unnamed_addr constant [11 x i8] c"test error\00", align 1

; Function Attrs: nounwind
define dso_local ghccc void @__deegen_interpreter_op_test1_0(ptr %coroutineCtx, ptr %stackBase, ptr nocapture readnone %curBytecode, ptr nocapture readnone %codeBlock, i64 %0, ptr nocapture readnone %1, i64 %2, i64 %3, i64 %4, i64 %5, double %6, double %7, double %8, double %9, double %10, double %11) local_unnamed_addr #0 {
  musttail call ghccc void @DeegenInternal_UserLibFunctionTrueEntryPoint_DeegenInternal_ThrowCStringErrorImpl(ptr %coroutineCtx, ptr %stackBase, ptr nonnull @.str.3, ptr undef, i64 %0, ptr undef, i64 undef, i64 undef, i64 undef, i64 %5, double undef, double undef, double undef, double undef, double undef, double undef)
  ret void
}

; Function Attrs: nounwind
declare dso_local ghccc void @DeegenInternal_UserLibFunctionTrueEntryPoint_DeegenInternal_ThrowCStringErrorImpl(ptr, ptr, ptr, ptr, i64, ptr, i64, i64, i64, i64, double, double, double, double, double, double) local_unnamed_addr #1

attributes #0 = { nounwind "frame-pointer"="none" "min-legal-vector-width"="0" "no-trapping-math"="true" "stack-protector-buffer-size"="8" "target-cpu"="x86-64" "target-features"="+bmi,+cx8,+fsgsbase,+fxsr,+mmx,+sse,+sse2,+x87" "tune-cpu"="generic" }
attributes #1 = { nounwind }

!llvm.linker.options = !{}
!llvm.module.flags = !{!0, !1}
!llvm.ident = !{!2}

!0 = !{i32 1, !"wchar_size", i32 4}
!1 = !{i32 7, !"uwtable", i32 2}
!2 = !{!"Ubuntu clang version 15.0.0-++20220905103059+4ba6a9c9f65b-1~exp1~20220905103153.49"}
