; ModuleID = 'extracted_ir'
source_filename = "/home/u/project/annotated/unit_test/ic_api_sanity.cpp"
target datalayout = "e-m:e-p270:32:32-p271:32:32-p272:64:64-i64:64-f80:128-n8:16:32:64-S128"
target triple = "x86_64-unknown-linux-gnu"

%class.anon.0 = type { i32, i32, i32 }
%class.anon.1 = type { i32 }

; Function Attrs: argmemonly mustprogress nocallback nofree nosync nounwind willreturn
declare void @llvm.lifetime.start.p0(i64 immarg, ptr nocapture) #0

; Function Attrs: argmemonly mustprogress nocallback nofree nosync nounwind willreturn
declare void @llvm.lifetime.end.p0(i64 immarg, ptr nocapture) #0

; Function Attrs: inlinehint mustprogress nounwind uwtable
declare dso_local noundef i32 @"_ZZZ7testfn1ENK3$_0clEvENKUlvE_clEv"(ptr noundef nonnull align 4 dereferenceable(12)) #1 align 2

; Function Attrs: inlinehint mustprogress nounwind uwtable
declare dso_local noundef i32 @"_ZZZ7testfn1ENK3$_0clEvENKUlvE0_clEv"(ptr noundef nonnull align 4 dereferenceable(4)) #1 align 2

; Function Attrs: nounwind
declare void @__deegen_inline_cache_decode_ic_state_0(ptr, ptr) #2

; Function Attrs: nounwind
declare dso_local i32 @__deegen_inline_cache_effect_0(ptr, i32, i32) #3

; Function Attrs: nounwind
declare void @__deegen_inline_cache_encode_ic_state_0(ptr, i32) #2

; Function Attrs: nounwind
declare i32 @__DeegenInternal_AstICEffect_IdentificationFunc_0(ptr, ptr, ptr, i64, i64, ptr, ptr, ptr, i64, i32, i64, i64) #2

; Function Attrs: nounwind
declare void @__deegen_inline_cache_decode_ic_state_1(ptr) #2

; Function Attrs: nounwind
declare dso_local i32 @__deegen_inline_cache_effect_1(ptr, i32) #3

; Function Attrs: nounwind
declare void @__deegen_inline_cache_encode_ic_state_1(ptr) #2

; Function Attrs: nounwind
declare i32 @__DeegenInternal_AstICEffect_IdentificationFunc_1(ptr, ptr, ptr, i64, i64, ptr, ptr, ptr, i64) #2

; Function Attrs: nounwind
define dso_local i32 @__deegen_inline_cache_body_0(ptr %0, i32 %1, i32 %2) #3 {
  %4 = alloca %class.anon.0, align 4
  %5 = alloca %class.anon.1, align 4
  %6 = icmp ult i32 %2, 100
  br i1 %6, label %7, label %12

7:                                                ; preds = %3
  %8 = add i32 %1, 200
  call void @llvm.lifetime.start.p0(i64 12, ptr nonnull %4) #2
  store i32 %2, ptr %4, align 4, !tbaa !2
  %9 = getelementptr inbounds %class.anon.0, ptr %4, i64 0, i32 1
  store i32 %8, ptr %9, align 4, !tbaa !7
  %10 = getelementptr inbounds %class.anon.0, ptr %4, i64 0, i32 2
  store i32 %1, ptr %10, align 4, !tbaa !8
  %11 = call i32 @__DeegenInternal_AstICEffect_IdentificationFunc_0(ptr %0, ptr nonnull %4, ptr nonnull @"_ZZZ7testfn1ENK3$_0clEvENKUlvE_clEv", i64 0, i64 1, ptr nonnull @__deegen_inline_cache_effect_0, ptr nonnull @__deegen_inline_cache_decode_ic_state_0, ptr nonnull @__deegen_inline_cache_encode_ic_state_0, i64 1, i32 %8, i64 0, i64 1000)
  call void @llvm.lifetime.end.p0(i64 12, ptr nonnull %4) #2
  br label %__deegen_inline_cache_body_0_tmp.exit

12:                                               ; preds = %3
  call void @llvm.lifetime.start.p0(i64 4, ptr nonnull %5) #2
  store i32 %2, ptr %5, align 4, !tbaa !9
  %13 = call i32 @__DeegenInternal_AstICEffect_IdentificationFunc_1(ptr %0, ptr nonnull %5, ptr nonnull @"_ZZZ7testfn1ENK3$_0clEvENKUlvE0_clEv", i64 0, i64 1, ptr nonnull @__deegen_inline_cache_effect_1, ptr nonnull @__deegen_inline_cache_decode_ic_state_1, ptr nonnull @__deegen_inline_cache_encode_ic_state_1, i64 0)
  call void @llvm.lifetime.end.p0(i64 4, ptr nonnull %5) #2
  br label %__deegen_inline_cache_body_0_tmp.exit

__deegen_inline_cache_body_0_tmp.exit:            ; preds = %12, %7
  %.0.reg2mem.i.i.0.reg2mem.0 = phi i32 [ %11, %7 ], [ %13, %12 ]
  ret i32 %.0.reg2mem.i.i.0.reg2mem.0
}

attributes #0 = { argmemonly mustprogress nocallback nofree nosync nounwind willreturn }
attributes #1 = { inlinehint mustprogress nounwind uwtable "frame-pointer"="none" "min-legal-vector-width"="0" "no-trapping-math"="true" "stack-protector-buffer-size"="8" "target-cpu"="x86-64" "target-features"="+bmi,+crc32,+cx8,+fsgsbase,+fxsr,+mmx,+popcnt,+sse,+sse2,+sse3,+sse4.1,+sse4.2,+ssse3,+x87" "tune-cpu"="generic" }
attributes #2 = { nounwind }
attributes #3 = { nounwind "frame-pointer"="none" "no-trapping-math"="true" "stack-protector-buffer-size"="8" "target-cpu"="x86-64" "target-features"="+bmi,+crc32,+cx8,+fsgsbase,+fxsr,+mmx,+popcnt,+sse,+sse2,+sse3,+sse4.1,+sse4.2,+ssse3,+x87" "tune-cpu"="generic" }

!llvm.linker.options = !{}
!llvm.module.flags = !{!0, !1}

!0 = !{i32 1, !"wchar_size", i32 4}
!1 = !{i32 7, !"uwtable", i32 2}
!2 = !{!3, !4, i64 0}
!3 = !{!"_ZTSZZ7testfn1ENK3$_0clEvEUlvE_", !4, i64 0, !4, i64 4, !4, i64 8}
!4 = !{!"int", !5, i64 0}
!5 = !{!"omnipotent char", !6, i64 0}
!6 = !{!"Simple C++ TBAA"}
!7 = !{!3, !4, i64 4}
!8 = !{!3, !4, i64 8}
!9 = !{!10, !4, i64 0}
!10 = !{!"_ZTSZZ7testfn1ENK3$_0clEvEUlvE0_", !4, i64 0}
