; ModuleID = 'extracted_ir'
source_filename = "/home/u/project/annotated/unit_test/proven_type_specialization.cpp"
target datalayout = "e-m:e-p270:32:32-p271:32:32-p272:64:64-i64:64-i128:128-f80:128-n8:16:32:64-S128"
target triple = "x86_64-unknown-linux-gnu"

; Function Attrs: mustprogress noreturn nounwind uwtable
define dso_local void @testfn3(i64 %0) #0 {
  tail call void @DeegenImpl_ReturnValue(i64 4642437159633027072) #2
  unreachable
}

; Function Attrs: noreturn
declare dso_local void @DeegenImpl_ReturnValue(i64) local_unnamed_addr #1

attributes #0 = { mustprogress noreturn nounwind uwtable "min-legal-vector-width"="0" "no-trapping-math"="true" "stack-protector-buffer-size"="8" "target-cpu"="x86-64" "target-features"="+bmi,+cmov,+crc32,+cx8,+fsgsbase,+fxsr,+mmx,+popcnt,+sse,+sse2,+sse3,+sse4.1,+sse4.2,+ssse3,+x87" "tune-cpu"="generic" }
attributes #1 = { noreturn "no-trapping-math"="true" "stack-protector-buffer-size"="8" "target-cpu"="x86-64" "target-features"="+bmi,+cmov,+crc32,+cx8,+fsgsbase,+fxsr,+mmx,+popcnt,+sse,+sse2,+sse3,+sse4.1,+sse4.2,+ssse3,+x87" "tune-cpu"="generic" }
attributes #2 = { noreturn nounwind }

!llvm.linker.options = !{}
!llvm.module.flags = !{!0, !1}

!0 = !{i32 1, !"wchar_size", i32 4}
!1 = !{i32 7, !"uwtable", i32 2}
