; ModuleID = 'extracted_ir'
source_filename = "/home/u/project/annotated/unit_test/return_value_accessor_api_lowering.cpp"
target datalayout = "e-m:e-p270:32:32-p271:32:32-p272:64:64-i64:64-f80:128-n8:16:32:64-S128"
target triple = "x86_64-unknown-linux-gnu"

%0 = type { ptr addrspace(256), ptr, ptr, i32, i32 }
%1 = type { %2, i8, i8, i32, ptr, ptr }
%2 = type { i8, i8 }

@__deegen_interpreter_dispatch_table = external dso_local local_unnamed_addr constant [0 x ptr], align 8

; Function Attrs: nounwind
define dso_local ghccc void @__deegen_interpreter_op_test5_0_retcont_0(ptr %0, ptr nocapture readonly %1, ptr nocapture readnone %2, ptr nocapture readnone %3, i64 %4, ptr nocapture readonly %retStart, i64 %numRet, i64 %5, i64 %6, i64 %7, double %8, double %9, double %10, double %11, double %12, double %13) #0 section "deegen_interpreter_code_section_hot" {
  %15 = getelementptr %0, ptr %1, i64 -1, i32 1
  %16 = load ptr, ptr %15, align 8, !tbaa !2
  %17 = getelementptr inbounds %0, ptr %16, i64 -1
  %18 = load ptr addrspace(256), ptr %17, align 8, !tbaa !8
  %.sroa.0.0.copyload6.i.i.i = load i32, ptr addrspace(256) %18, align 4, !tbaa !9
  %19 = zext i32 %.sroa.0.0.copyload6.i.i.i to i64
  %20 = load ptr, ptr addrspace(256) null, align 4294967296, !tbaa !10
  %21 = ptrtoint ptr %20 to i64
  %22 = add i64 %21, %19
  %23 = inttoptr i64 %22 to ptr
  %24 = getelementptr %0, ptr %1, i64 -1, i32 3
  %25 = load i32, ptr %24, align 8, !tbaa !11
  %26 = getelementptr inbounds %1, ptr %23, i64 0, i32 4
  %27 = load ptr, ptr %26, align 8, !tbaa !12
  %28 = tail call noundef ptr @_Z2d1v() #4
  %29 = tail call noundef i64 @_Z2a1v() #4
  %30 = icmp ugt i64 %29, %numRet
  %31 = tail call i64 @llvm.umin.i64(i64 %numRet, i64 %29)
  %32 = shl i64 %31, 3
  tail call void @llvm.memmove.p0.p0.i64(ptr align 8 %28, ptr align 8 %retStart, i64 %32, i1 false)
  br i1 %30, label %.lr.ph.i, label %__DeegenImpl_CommonSnippetLib_StoreFirstKReturnValuesPaddingNil.exit

.lr.ph.i:                                         ; preds = %.lr.ph.i, %14
  %.014.reg2mem.0.i = phi i64 [ %34, %.lr.ph.i ], [ %numRet, %14 ]
  %33 = getelementptr inbounds i64, ptr %28, i64 %.014.reg2mem.0.i
  store i64 %7, ptr %33, align 8, !tbaa !18
  %34 = add nuw i64 %.014.reg2mem.0.i, 1
  %exitcond.not.i = icmp eq i64 %34, %29
  br i1 %exitcond.not.i, label %__DeegenImpl_CommonSnippetLib_StoreFirstKReturnValuesPaddingNil.exit, label %.lr.ph.i, !llvm.loop !20

__DeegenImpl_CommonSnippetLib_StoreFirstKReturnValuesPaddingNil.exit: ; preds = %.lr.ph.i, %14
  %35 = zext i32 %25 to i64
  %36 = getelementptr inbounds i8, ptr %27, i64 %35
  %37 = getelementptr inbounds i8, ptr %36, i64 6
  %38 = load i16, ptr %37, align 1
  %39 = zext i16 %38 to i64
  %40 = getelementptr inbounds [0 x ptr], ptr @__deegen_interpreter_dispatch_table, i64 0, i64 %39
  %41 = load ptr, ptr %40, align 8
  musttail call ghccc void %41(ptr %0, ptr %16, ptr nonnull %37, ptr %23, i64 %4, ptr undef, i64 undef, i64 undef, i64 undef, i64 %7, double undef, double undef, double undef, double undef, double undef, double undef) #4
  ret void
}

declare dso_local noundef ptr @_Z2d1v() local_unnamed_addr #1

declare dso_local noundef i64 @_Z2a1v() local_unnamed_addr #1

; Function Attrs: mustprogress nocallback nofree nosync nounwind readnone speculatable willreturn
declare i64 @llvm.umin.i64(i64, i64) #2

; Function Attrs: argmemonly mustprogress nocallback nofree nounwind willreturn
declare void @llvm.memmove.p0.p0.i64(ptr nocapture writeonly, ptr nocapture readonly, i64, i1 immarg) #3

attributes #0 = { nounwind "frame-pointer"="none" "min-legal-vector-width"="0" "no-trapping-math"="true" "stack-protector-buffer-size"="8" "target-cpu"="x86-64" "target-features"="+bmi,+cx8,+fsgsbase,+fxsr,+mmx,+sse,+sse2,+x87" "tune-cpu"="generic" }
attributes #1 = { "frame-pointer"="none" "no-trapping-math"="true" "stack-protector-buffer-size"="8" "target-cpu"="x86-64" "target-features"="+bmi,+cx8,+fsgsbase,+fxsr,+mmx,+sse,+sse2,+x87" "tune-cpu"="generic" }
attributes #2 = { mustprogress nocallback nofree nosync nounwind readnone speculatable willreturn }
attributes #3 = { argmemonly mustprogress nocallback nofree nounwind willreturn }
attributes #4 = { nounwind }

!llvm.linker.options = !{}
!llvm.module.flags = !{!0, !1}

!0 = !{i32 1, !"wchar_size", i32 4}
!1 = !{i32 7, !"uwtable", i32 2}
!2 = !{!3, !4, i64 8}
!3 = !{!"_ZTS16StackFrameHeader", !4, i64 0, !4, i64 8, !4, i64 16, !7, i64 24, !7, i64 28}
!4 = !{!"any pointer", !5, i64 0}
!5 = !{!"omnipotent char", !6, i64 0}
!6 = !{!"Simple C++ TBAA"}
!7 = !{!"int", !5, i64 0}
!8 = !{!3, !4, i64 0}
!9 = !{!5, !5, i64 0}
!10 = !{!4, !4, i64 0}
!11 = !{!3, !7, i64 24}
!12 = !{!13, !4, i64 8}
!13 = !{!"_ZTS14ExecutableCode", !14, i64 0, !5, i64 2, !17, i64 3, !7, i64 4, !4, i64 8, !4, i64 16}
!14 = !{!"_ZTS24SystemHeapGcObjectHeader", !15, i64 0, !16, i64 1}
!15 = !{!"_ZTS14HeapEntityType", !5, i64 0}
!16 = !{!"_ZTS11GcCellState", !5, i64 0}
!17 = !{!"bool", !5, i64 0}
!18 = !{!19, !19, i64 0}
!19 = !{!"long", !5, i64 0}
!20 = distinct !{!20, !21, !22, !23}
!21 = !{!"llvm.loop.mustprogress"}
!22 = !{!"llvm.loop.unroll.disable"}
!23 = !{!"llvm.loop.vectorize.width", i32 1}
