; ModuleID = 'extracted_ir'
source_filename = "/home/u/project/annotated/unit_test/return_value_accessor_api_lowering.cpp"
target datalayout = "e-m:e-p270:32:32-p271:32:32-p272:64:64-i64:64-i128:128-f80:128-n8:16:32:64-S128"
target triple = "x86_64-unknown-linux-gnu"

@.str.4.4 = private unnamed_addr constant [125 x i8] c"(!(m_value >= x_minimum_valid_heap_address)) || (AsNoAssert<SystemHeapGcObjectHeader>()->m_type == TypeEnumForHeapObject<U>)\00", align 1
@.str.5 = private unnamed_addr constant [17 x i8] c"drt/memory_ptr.h\00", align 1
@__PRETTY_FUNCTION__._ZNK17SystemHeapPointerI14ExecutableCodeE2AsIS0_EEPU5AS256T_v.5 = private unnamed_addr constant [98 x i8] c"HeapPtr<U> SystemHeapPointer<ExecutableCode>::As() const [T = ExecutableCode, U = ExecutableCode]\00", align 1
@__deegen_interpreter_dispatch_table = external dso_local local_unnamed_addr constant [0 x ptr], align 8

; Function Attrs: mustprogress noinline noreturn nounwind uwtable
declare dso_local void @_Z17FireReleaseAssertPKcS0_jS0_(ptr noundef, ptr noundef, i32 noundef, ptr noundef) local_unnamed_addr #0

; Function Attrs: nounwind
define dso_local ghccc void @__deegen_interpreter_op_test7_0_retcont_0(i64 %0, ptr nocapture readnone %1, i64 %2, ptr nocapture readonly %3, ptr nocapture readnone %4, ptr nocapture readonly %retStart, i64 %numRet, i64 %5, i64 %6, ptr %coroutineCtx, i64 %7, i64 %8, ptr nocapture readnone %9, double %10, double %11, double %12, double %13, double %14, double %15) #1 section "deegen_interpreter_code_section_hot" {
  %17 = getelementptr inbounds i8, ptr %3, i64 -24
  %18 = load ptr, ptr %17, align 8, !tbaa !2
  %19 = getelementptr inbounds i8, ptr %3, i64 -8
  %20 = load i32, ptr %19, align 4, !tbaa !9
  %21 = load ptr, ptr addrspace(256) null, align 4294967296, !tbaa !10
  %22 = getelementptr inbounds i8, ptr %18, i64 -32
  %23 = load ptr addrspace(256), ptr %22, align 8, !tbaa !11
  %.sroa.0.0.copyload.i = load i32, ptr addrspace(256) %23, align 1, !tbaa !12
  %24 = icmp ugt i32 %.sroa.0.0.copyload.i, 63
  %25 = zext i32 %.sroa.0.0.copyload.i to i64
  br i1 %24, label %26, label %__DeegenImpl_CommonSnippetLib_GetCodeBlockFromStackBase.exit

26:                                               ; preds = %16
  %27 = inttoptr i64 %25 to ptr addrspace(256)
  %28 = load i8, ptr addrspace(256) %27, align 1, !tbaa !13
  %29 = icmp eq i8 %28, 8
  br i1 %29, label %__DeegenImpl_CommonSnippetLib_GetCodeBlockFromStackBase.exit, label %30

30:                                               ; preds = %26
  tail call void @_Z17FireReleaseAssertPKcS0_jS0_(ptr noundef nonnull @.str.4.4, ptr noundef nonnull @.str.5, i32 noundef 211, ptr noundef nonnull @__PRETTY_FUNCTION__._ZNK17SystemHeapPointerI14ExecutableCodeE2AsIS0_EEPU5AS256T_v.5) #4
  unreachable

__DeegenImpl_CommonSnippetLib_GetCodeBlockFromStackBase.exit: ; preds = %26, %16
  %31 = ptrtoint ptr %21 to i64
  %32 = zext i32 %20 to i64
  %33 = add i64 %31, %32
  %34 = inttoptr i64 %33 to ptr
  %35 = add i64 %25, %31
  %36 = inttoptr i64 %35 to ptr
  %37 = tail call noundef ptr @_Z2d1v() #5
  tail call void @llvm.memcpy.inline.p0.p0.i64(ptr align 1 %37, ptr align 1 %retStart, i64 16, i1 false)
  %38 = getelementptr inbounds i8, ptr %34, i64 6
  %39 = load i16, ptr %38, align 1
  %40 = zext i16 %39 to i64
  %41 = getelementptr inbounds [0 x ptr], ptr @__deegen_interpreter_dispatch_table, i64 0, i64 %40
  %42 = load ptr, ptr %41, align 8
  musttail call ghccc void %42(i64 %0, ptr %36, i64 %2, ptr nonnull %18, ptr nonnull %38, ptr undef, i64 undef, i64 undef, i64 undef, ptr %coroutineCtx, i64 undef, i64 undef, ptr undef, double undef, double undef, double undef, double undef, double undef, double undef) #5
  ret void
}

declare dso_local noundef ptr @_Z2d1v() local_unnamed_addr #2

; Function Attrs: mustprogress nocallback nofree nounwind willreturn memory(argmem: readwrite)
declare void @llvm.memcpy.inline.p0.p0.i64(ptr noalias nocapture writeonly, ptr noalias nocapture readonly, i64, i1 immarg) #3

attributes #0 = { mustprogress noinline noreturn nounwind uwtable "min-legal-vector-width"="0" "no-trapping-math"="true" "stack-protector-buffer-size"="8" "target-cpu"="x86-64" "target-features"="+bmi,+cmov,+crc32,+cx8,+fsgsbase,+fxsr,+mmx,+popcnt,+sse,+sse2,+sse3,+sse4.1,+sse4.2,+ssse3,+x87" "tune-cpu"="generic" }
attributes #1 = { nounwind "min-legal-vector-width"="0" "no-trapping-math"="true" "stack-protector-buffer-size"="8" "target-cpu"="x86-64" "target-features"="+bmi,+cmov,+crc32,+cx8,+fsgsbase,+fxsr,+mmx,+popcnt,+sse,+sse2,+sse3,+sse4.1,+sse4.2,+ssse3,+x87" "tune-cpu"="generic" }
attributes #2 = { "no-trapping-math"="true" "stack-protector-buffer-size"="8" "target-cpu"="x86-64" "target-features"="+bmi,+cmov,+crc32,+cx8,+fsgsbase,+fxsr,+mmx,+popcnt,+sse,+sse2,+sse3,+sse4.1,+sse4.2,+ssse3,+x87" "tune-cpu"="generic" }
attributes #3 = { mustprogress nocallback nofree nounwind willreturn memory(argmem: readwrite) }
attributes #4 = { noreturn }
attributes #5 = { nounwind }

!llvm.linker.options = !{}
!llvm.module.flags = !{!0, !1}

!0 = !{i32 1, !"wchar_size", i32 4}
!1 = !{i32 7, !"uwtable", i32 2}
!2 = !{!3, !4, i64 8}
!3 = !{!"_ZTS16StackFrameHeader", !4, i64 0, !4, i64 8, !4, i64 16, !7, i64 24, !8, i64 28}
!4 = !{!"any pointer", !5, i64 0}
!5 = !{!"omnipotent char", !6, i64 0}
!6 = !{!"Simple C++ TBAA"}
!7 = !{!"_ZTS17SystemHeapPointerIhE", !8, i64 0}
!8 = !{!"int", !5, i64 0}
!9 = !{!7, !8, i64 0}
!10 = !{!4, !4, i64 0}
!11 = !{!3, !4, i64 0}
!12 = !{!5, !5, i64 0}
!13 = !{!14, !15, i64 0}
!14 = !{!"_ZTS24SystemHeapGcObjectHeader", !15, i64 0, !16, i64 1}
!15 = !{!"_ZTS14HeapEntityType", !5, i64 0}
!16 = !{!"_ZTS11GcCellState", !5, i64 0}
