; ModuleID = 'extracted_ir'
source_filename = "/home/u/project/annotated/unit_test/proven_type_specialization.cpp"
target datalayout = "e-m:e-p270:32:32-p271:32:32-p272:64:64-i64:64-f80:128-n8:16:32:64-S128"
target triple = "x86_64-pc-linux-gnu"

; Function Attrs: nounwind uwtable
declare dso_local noundef zeroext i1 @_Z19DeegenImpl_TValueIsI4tNilEb6TValue(i64) #0

; Function Attrs: noreturn
declare void @_ZN9DeegenAPI6ReturnE6TValue(i64) local_unnamed_addr #1

; Function Attrs: noreturn nounwind uwtable
define dso_local void @testfn3(i64 %0) #2 {
  %2 = tail call noundef zeroext i1 @_Z19DeegenImpl_TValueIsI4tNilEb6TValue(i64 %0)
  br i1 %2, label %3, label %4

3:                                                ; preds = %1
  tail call void @_ZN9DeegenAPI6ReturnE6TValue(i64 4642437159633027072) #3
  unreachable

4:                                                ; preds = %1
  tail call void @_ZN9DeegenAPI6ReturnE6TValue(i64 %0) #3
  unreachable
}

attributes #0 = { nounwind uwtable "frame-pointer"="none" "min-legal-vector-width"="0" "no-trapping-math"="true" "stack-protector-buffer-size"="8" "target-cpu"="x86-64" "target-features"="+cx8,+fsgsbase,+fxsr,+mmx,+sse,+sse2,+x87" "tune-cpu"="generic" }
attributes #1 = { noreturn "frame-pointer"="none" "no-trapping-math"="true" "stack-protector-buffer-size"="8" "target-cpu"="x86-64" "target-features"="+cx8,+fsgsbase,+fxsr,+mmx,+sse,+sse2,+x87" "tune-cpu"="generic" }
attributes #2 = { noreturn nounwind uwtable "frame-pointer"="none" "min-legal-vector-width"="0" "no-trapping-math"="true" "stack-protector-buffer-size"="8" "target-cpu"="x86-64" "target-features"="+cx8,+fsgsbase,+fxsr,+mmx,+sse,+sse2,+x87" "tune-cpu"="generic" }
attributes #3 = { noreturn nounwind }

!llvm.linker.options = !{}
!llvm.module.flags = !{!0, !1, !2, !3}
!llvm.ident = !{!4}

!0 = !{i32 1, !"wchar_size", i32 4}
!1 = !{i32 7, !"PIC Level", i32 2}
!2 = !{i32 7, !"PIE Level", i32 2}
!3 = !{i32 7, !"uwtable", i32 2}
!4 = !{!"Ubuntu clang version 15.0.0-++20220905103059+4ba6a9c9f65b-1~exp1~20220905103153.49"}
