[2J[H----------------------------------------
----------------------------------------
----------------------------------------
-----O----------------------------------
------OO--------------------------------
-----OO---------------------------------
----------------------------------------
----------------------------------------
----------------------------------------
------------------------OOO-------------
-----OO-----------------O-O-------------
----OOOO----------------O-O-------------
----OO-OO----------------O--------------
------OO--------------------------------
----------------------------------------
----------------------------------------
----------------------------------------
----------------------------------------
----------------------------------------
----------------------------------------
Life - generation 1
[H----------------------------------------
----------------------------------------
----------------------------------------
------O---------------------------------
-------O--------------------------------
-----OOO--------------------------------
----------------------------------------
----------------------------------------
-------------------------O--------------
------------------------O-O-------------
----O--O---------------OO-OO------------
--------O---------------O-O-------------
----O---O----------------O--------------
-----OOOO-------------------------------
----------------------------------------
----------------------------------------
----------------------------------------
----------------------------------------
----------------------------------------
----------------------------------------
Life - generation 2
[H----------------------------------------
----------------------------------------
----------------------------------------
----------------------------------------
-----O-O--------------------------------
------OO--------------------------------
------O---------------------------------
----------------------------------------
-------------------------O--------------
-----------------------OO-OO------------
-----------------------OO-OO------------
-------OO--------------OO-OO------------
-----OO-OO---------------O--------------
-----OOOO-------------------------------
------OO--------------------------------
----------------------------------------
----------------------------------------
----------------------------------------
----------------------------------------
----------------------------------------
Life - generation 3
[H----------------------------------------
----------------------------------------
----------------------------------------
----------------------------------------
-------O--------------------------------
-----O-O--------------------------------
------OO--------------------------------
----------------------------------------
------------------------OOO-------------
-----------------------O---O------------
----------------------O-----O-----------
------OOOO-------------O---O------------
-----O---O--------------OOO-------------
---------O------------------------------
-----O--O-------------------------------
----------------------------------------
----------------------------------------
----------------------------------------
----------------------------------------
----------------------------------------
Life - generation 4
[H----------------------------------------
----------------------------------------
----------------------------------------
----------------------------------------
------O---------------------------------
-------OO-------------------------------
------OO--------------------------------
-------------------------O--------------
------------------------OOO-------------
-----------------------OOOOO------------
-------OO-------------OO---OO-----------
------OOOO-------------OOOOO------------
------OO-OO-------------OOO-------------
--------OO---------------O--------------
----------------------------------------
----------------------------------------
----------------------------------------
----------------------------------------
----------------------------------------
----------------------------------------
Life - generation 5
[H----------------------------------------
----------------------------------------
----------------------------------------
----------------------------------------
-------O--------------------------------
--------O-------------------------------
------OOO-------------------------------
------------------------OOO-------------
-----------------------O---O------------
----------------------O-----O-----------
------O--O------------O-----O-----------
----------O-----------O-----O-----------
------O---O------------O---O------------
-------OOOO-------------OOO-------------
----------------------------------------
----------------------------------------
----------------------------------------
----------------------------------------
----------------------------------------
----------------------------------------
Life - generation 6
[H----------------------------------------
----------------------------------------
----------------------------------------
----------------------------------------
----------------------------------------
------O-O-------------------------------
-------OO----------------O--------------
-------O----------------OOO-------------
-----------------------OOOOO------------
----------------------OO---OO-----------
---------------------OOO---OOO----------
---------OO-----------OO---OO-----------
-------OO-OO-----------OOOOO------------
-------OOOO-------------OOO-------------
--------OO---------------O--------------
----------------------------------------
----------------------------------------
----------------------------------------
----------------------------------------
----------------------------------------
Life - generation 7
[H----------------------------------------
----------------------------------------
----------------------------------------
----------------------------------------
----------------------------------------
--------O-------------------------------
------O-O---------------OOO-------------
-------OO--------------O---O------------
----------------------O-----O-----------
---------------------O---O---O----------
---------------------O--O-O--O----------
--------OOOO---------O---O---O----------
-------O---O----------O-----O-----------
-----------O-----------O---O------------
-------O--O-------------OOO-------------
----------------------------------------
----------------------------------------
----------------------------------------
----------------------------------------
----------------------------------------
Life - generation 8
[H----------------------------------------
----------------------------------------
----------------------------------------
----------------------------------------
----------------------------------------
-------O-----------------O--------------
--------OO--------------OOO-------------
-------OO--------------OOOOO------------
----------------------O-----O-----------
---------------------OO--O--OO----------
---------OO---------OOO-O-O-OOO---------
--------OOOO---------OO--O--OO----------
--------OO-OO---------O-----O-----------
----------OO-----------OOOOO------------
------------------------OOO-------------
-------------------------O--------------
----------------------------------------
----------------------------------------
----------------------------------------
----------------------------------------
Life - generation 9
[H----------------------------------------
----------------------------------------
----------------------------------------
----------------------------------------
----------------------------------------
--------O---------------OOO-------------
---------O-------------O---O------------
-------OOO-------------O---O------------
---------------------OO-----OO----------
--------------------O----O----O---------
--------O--O--------O---O-O---O---------
------------O-------O----O----O---------
--------O---O--------OO-----OO----------
---------OOOO----------O---O------------
-----------------------O---O------------
------------------------OOO-------------
----------------------------------------
----------------------------------------
----------------------------------------
----------------------------------------
Life - generation 10
