-- test 1 --
nil
nil
nil
nil
nil
nil
3
3
nil
nil
nil
nil
123
123
nil
nil
3
3
nil
nil
nil
nil
123
123
a
a
3
3
nil
nil
b
b
123
123
a
a
3
3
nil
nil
b
b
nil
nil
a
a
3
3
nil
nil
b
b
in metatable (test 1), idx = 	1
2333
in metatable (test 1), idx = 	1
2333
a
a
3
3
in metatable (test 1), idx = 	a8
2333
in metatable (test 1), idx = 	a8
2333
in metatable (test 1), idx = 	0
2333
in metatable (test 1), idx = 	0
2333
in metatable (test 1), idx = 	1
2333
in metatable (test 1), idx = 	1
2333
a
a
3
3
in metatable (test 1), idx = 	a8
2333
in metatable (test 1), idx = 	a8
2333
in metatable (test 1), idx = 	0
2333
in metatable (test 1), idx = 	0
2333
123
123
a
a
3
3
in metatable (test 1), idx = 	a8
2333
in metatable (test 1), idx = 	a8
2333
in metatable (test 1), idx = 	0
2333
in metatable (test 1), idx = 	0
2333
123
123
a
a
3
3
8
8
c
c
123
123
a
a
3
3
8
8
c
c
d
d
a
a
3
3
8
8
-- test 2 --
nil
nil
56
56
78
78
3
3
nil
nil
nil
nil
123
123
78
78
3
3
nil
nil
nil
nil
123
123
a
a
3
3
nil
nil
b
b
123
123
a
a
3
3
nil
nil
b
b
nil
nil
a
a
3
3
nil
nil
b
b
in metatable (test 2), idx = 	1
2333
in metatable (test 2), idx = 	1
2333
a
a
3
3
in metatable (test 2), idx = 	a8
2333
in metatable (test 2), idx = 	a8
2333
in metatable (test 2), idx = 	0
2333
in metatable (test 2), idx = 	0
2333
in metatable (test 2), idx = 	1
2333
in metatable (test 2), idx = 	1
2333
a
a
3
3
in metatable (test 2), idx = 	a8
2333
in metatable (test 2), idx = 	a8
2333
in metatable (test 2), idx = 	0
2333
in metatable (test 2), idx = 	0
2333
123
123
a
a
3
3
in metatable (test 2), idx = 	a8
2333
in metatable (test 2), idx = 	a8
2333
in metatable (test 2), idx = 	0
2333
in metatable (test 2), idx = 	0
2333
123
123
a
a
3
3
8
8
c
c
123
123
a
a
3
3
8
8
c
c
d
d
a
a
3
3
8
8
-- test 3 --
456
456
nil
nil
nil
nil
3
3
nil
nil
456
456
123
123
nil
nil
3
3
nil
nil
456
456
123
123
a
a
3
3
nil
nil
b
b
123
123
a
a
3
3
nil
nil
b
b
nil
nil
a
a
3
3
nil
nil
b
b
in metatable (test 3), idx = 	1
2333
in metatable (test 3), idx = 	1
2333
a
a
3
3
in metatable (test 3), idx = 	a8
2333
in metatable (test 3), idx = 	a8
2333
in metatable (test 3), idx = 	0
2333
in metatable (test 3), idx = 	0
2333
in metatable (test 3), idx = 	1
2333
in metatable (test 3), idx = 	1
2333
a
a
3
3
in metatable (test 3), idx = 	a8
2333
in metatable (test 3), idx = 	a8
2333
in metatable (test 3), idx = 	0
2333
in metatable (test 3), idx = 	0
2333
123
123
a
a
3
3
in metatable (test 3), idx = 	a8
2333
in metatable (test 3), idx = 	a8
2333
in metatable (test 3), idx = 	0
2333
in metatable (test 3), idx = 	0
2333
123
123
a
a
3
3
8
8
c
c
123
123
a
a
3
3
8
8
c
c
d
d
a
a
3
3
8
8
-- test 4 --
in metatable (test 4, init mt), idx = 	0
2333
in metatable (test 4, init mt), idx = 	0
2333
in metatable (test 4, init mt), idx = 	1
2333
in metatable (test 4, init mt), idx = 	1
2333
in metatable (test 4, init mt), idx = 	2
2333
in metatable (test 4, init mt), idx = 	2
2333
3
3
in metatable (test 4, init mt), idx = 	a8
2333
in metatable (test 4, init mt), idx = 	a8
2333
in metatable (test 4, init mt), idx = 	0
2333
in metatable (test 4, init mt), idx = 	0
2333
123
123
in metatable (test 4, init mt), idx = 	2
2333
in metatable (test 4, init mt), idx = 	2
2333
3
3
in metatable (test 4, init mt), idx = 	a8
2333
in metatable (test 4, init mt), idx = 	a8
2333
in metatable (test 4, init mt), idx = 	0
2333
in metatable (test 4, init mt), idx = 	0
2333
123
123
a
a
3
3
in metatable (test 4, init mt), idx = 	a8
2333
in metatable (test 4, init mt), idx = 	a8
2333
b
b
123
123
a
a
3
3
in metatable (test 4, init mt), idx = 	a8
2333
in metatable (test 4, init mt), idx = 	a8
2333
b
b
in metatable (test 4, init mt), idx = 	1
2333
in metatable (test 4, init mt), idx = 	1
2333
a
a
3
3
in metatable (test 4, init mt), idx = 	a8
2333
in metatable (test 4, init mt), idx = 	a8
2333
b
b
nil
nil
a
a
3
3
nil
nil
nil
nil
nil
nil
a
a
3
3
nil
nil
nil
nil
123
123
a
a
3
3
nil
nil
nil
nil
123
123
a
a
3
3
8
8
c
c
123
123
a
a
3
3
8
8
c
c
d
d
a
a
3
3
8
8
