-- test 1 --
nil
nil
f1	true	x1	12
f1	true	y1	34
24
68
12
34
-- test 2 --
34
nil
12
nil
xx
23
-- test 3 --
45
nil
21
nil
xxx
32
-- test 4 --
nil
nil
xxx
nil
nil
nil
43
54
-- test 5 --
65
nil
f2	233	y4	87	nil
76
261
98
89
-- test 6 --
98
12
false
-- test 7 --
nil
nil
nil
nil
nil
nil
nil
f6	t6	a7	28	nil
nil
nil
nil
nil
nil
nil
nil
t1	22	nil	nil	nil	nil	nil	nil
t2	2	23	nil	nil	nil	nil	nil
t3	4	5	24	nil	nil	nil	nil
t4	7	8	9	25	nil	nil	nil
t5	11	12	13	14	26	nil	nil
t6	16	17	18	19	20	27	2800
f6	t6	a8	36	nil
nil
nil
nil
nil
nil
nil
nil
nil
t1	29	nil	nil	nil	nil	nil	nil	nil
t2	2	30	nil	nil	nil	nil	nil	nil
t3	4	5	31	nil	nil	nil	nil	nil
t4	7	8	9	32	nil	nil	nil	nil
t5	11	12	13	14	33	nil	nil	nil
t6	16	17	18	19	20	34	35	3600
-- test 9 --
nil
nil
nil
nil
nil
nil
nil
f6	t6	a7	28	nil
nil
nil
nil
nil
nil
nil
nil
t1	22	nil	nil	nil	nil	nil	nil
t2	2	23	nil	nil	nil	nil	nil
t3	4	5	24	nil	nil	nil	nil
t4	7	8	9	25	nil	nil	nil
t5	11	12	13	14	26	nil	nil
t6	16	17	18	19	20	27	2800
f6	t6	a8	36	nil
nil
nil
nil
nil
nil
nil
nil
nil
t1	29	nil	nil	nil	nil	nil	nil	nil
t2	2	30	nil	nil	nil	nil	nil	nil
t3	4	5	31	nil	nil	nil	nil	nil
t4	7	8	9	32	nil	nil	nil	nil
t5	11	12	13	14	33	nil	nil	nil
t6	16	17	18	19	20	34	35	3600
