h x 
h h x 
h h h x 
h h h h x 
h h h h h x 
h h h h h h x 
h h h h h h h x 
h h h h h h h h x 
h h h h h h h h h x 
h h h h h h h h h h x 
h h h h h h h h h x 
h h h h h h h h x 
h h h h h h h x 
h h h h h h x 
h h h h h x 
h h h h x 
h h h x 
h h x 
h x 
h 
2	3	4	5	6	7	8	9	10	11	10	9	8	7	6	5	4	3	2	123	456
